  0:00 ------------------------------------------------------------
  0:00 InitGame:
  0:00 J;6092840;0;VictorSkull
  0:05 ShutdownGame:
  0:05 ------------------------------------------------------------
  0:00 ------------------------------------------------------------
  0:00 InitGame:
  0:00 ShutdownGame:
  0:00 ------------------------------------------------------------
  0:00 ------------------------------------------------------------
  0:00 InitGame:
  0:00 J;6092840;0;VictorSkull
  0:05 ShutdownGame:
  0:05 ------------------------------------------------------------
  0:00 ------------------------------------------------------------
  0:00 InitGame:
  0:08 J;6092840;0;VictorSkull
  0:11 ShutdownGame:
  0:11 ------------------------------------------------------------
  0:00 ------------------------------------------------------------
  0:00 InitGame:
  0:11 J;6092840;0;VictorSkull
  7:46 ShutdownGame:
  7:46 ------------------------------------------------------------
  0:00 ------------------------------------------------------------
  0:00 InitGame:
  0:00 J;6092840;0;VictorSkull
  0:07 ShutdownGame:
  0:07 ------------------------------------------------------------
  0:00 ------------------------------------------------------------
  0:00 InitGame:
  0:00 J;6092840;0;VictorSkull
  0:07 ShutdownGame:
  0:07 ------------------------------------------------------------
  0:00 ------------------------------------------------------------
  0:00 InitGame:
  0:10 J;6092840;0;VictorSkull
  0:12 ShutdownGame:
  0:12 ------------------------------------------------------------
  0:00 ------------------------------------------------------------
  0:00 InitGame:
  0:12 J;6092840;0;VictorSkull
  0:15 ShutdownGame:
  0:15 ------------------------------------------------------------
  0:00 ------------------------------------------------------------
  0:00 InitGame:
  0:15 J;6092840;0;VictorSkull
  0:17 ShutdownGame:
  0:17 ------------------------------------------------------------
  0:00 ------------------------------------------------------------
  0:00 InitGame:
  0:17 J;6092840;0;VictorSkull
  1:25 ShutdownGame:
  1:25 ------------------------------------------------------------
  0:00 ------------------------------------------------------------
  0:00 InitGame:
  1:26 J;6092840;0;VictorSkull
  5:56 ShutdownGame:
  5:56 ------------------------------------------------------------
  0:00 ------------------------------------------------------------
  0:00 InitGame:
  5:56 J;6092840;0;VictorSkull
 12:38 ShutdownGame:
 12:38 ------------------------------------------------------------
  0:00 ------------------------------------------------------------
  0:00 InitGame:
  0:00 J;6092840;0;VictorSkull
  0:05 ShutdownGame:
  0:05 ------------------------------------------------------------
  0:00 ------------------------------------------------------------
  0:00 InitGame:
  0:08 J;6092840;0;VictorSkull
  0:11 ShutdownGame:
  0:11 ------------------------------------------------------------
  0:00 ------------------------------------------------------------
  0:00 InitGame:
  0:11 J;6092840;0;VictorSkull
  0:13 ShutdownGame:
  0:13 ------------------------------------------------------------
  0:00 ------------------------------------------------------------
  0:00 InitGame:
  0:14 J;6092840;0;VictorSkull
  0:16 ShutdownGame:
  0:16 ------------------------------------------------------------
  0:00 ------------------------------------------------------------
  0:00 InitGame:
  0:00 J;6092840;0;VictorSkull
  0:17 ShutdownGame:
  0:17 ------------------------------------------------------------
  0:00 ------------------------------------------------------------
  0:00 InitGame:
  0:20 J;6092840;0;VictorSkull
  0:26 ShutdownGame:
  0:26 ------------------------------------------------------------
  0:00 ------------------------------------------------------------
  0:00 InitGame:
  0:28 J;6092840;0;VictorSkull
  0:40 ShutdownGame:
  0:40 ------------------------------------------------------------
  0:00 ------------------------------------------------------------
  0:00 InitGame:
  0:00 J;6092840;0;VictorSkull
  0:06 ShutdownGame:
  0:06 ------------------------------------------------------------
  0:00 ------------------------------------------------------------
  0:00 InitGame:
  0:08 J;6092840;0;VictorSkull
  0:26 ShutdownGame:
  0:26 ------------------------------------------------------------
  0:00 ------------------------------------------------------------
  0:00 InitGame:
  0:28 J;6092840;0;VictorSkull
  0:34 ShutdownGame:
  0:34 ------------------------------------------------------------
  0:00 ------------------------------------------------------------
  0:00 InitGame:
  0:00 J;6092840;0;VictorSkull
  0:06 ShutdownGame:
  0:06 ------------------------------------------------------------
  0:00 ------------------------------------------------------------
  0:00 InitGame:
  0:09 J;6092840;0;VictorSkull
  0:18 ShutdownGame:
  0:18 ------------------------------------------------------------
  0:00 ------------------------------------------------------------
  0:00 InitGame:
  0:21 J;6092840;0;VictorSkull
  0:37 ShutdownGame:
  0:37 ------------------------------------------------------------
  0:00 ------------------------------------------------------------
  0:00 InitGame:
  0:39 J;6092840;0;VictorSkull
  1:13 ShutdownGame:
  1:13 ------------------------------------------------------------
  0:00 ------------------------------------------------------------
  0:00 InitGame:
  1:13 J;6092840;0;VictorSkull
  1:19 ShutdownGame:
  1:19 ------------------------------------------------------------
  0:00 ------------------------------------------------------------
  0:00 InitGame:
  0:00 J;6092840;0;VictorSkull
  0:09 ShutdownGame:
  0:09 ------------------------------------------------------------
  0:00 ------------------------------------------------------------
  0:00 InitGame:
  0:11 J;6092840;0;VictorSkull
  0:15 ShutdownGame:
  0:15 ------------------------------------------------------------
  0:00 ------------------------------------------------------------
  0:00 InitGame:
  0:00 J;6092840;0;VictorSkull
  0:08 ShutdownGame:
  0:08 ------------------------------------------------------------
  0:00 ------------------------------------------------------------
  0:00 InitGame:
  0:10 J;6092840;0;VictorSkull
  0:13 ShutdownGame:
  0:13 ------------------------------------------------------------
  0:00 ------------------------------------------------------------
  0:00 InitGame:
  0:13 J;6092840;0;VictorSkull
  4:35 ShutdownGame:
  4:35 ------------------------------------------------------------
  0:00 ------------------------------------------------------------
  0:00 InitGame:
  0:00 J;6092840;0;VictorSkull
  0:08 ShutdownGame:
  0:08 ------------------------------------------------------------
  0:00 ------------------------------------------------------------
  0:00 InitGame:
  0:10 J;6092840;0;VictorSkull
  4:53 ShutdownGame:
  4:53 ------------------------------------------------------------
  0:00 ------------------------------------------------------------
  0:00 InitGame:
  0:00 J;6092840;0;VictorSkull
  0:05 ShutdownGame:
  0:05 ------------------------------------------------------------
  0:00 ------------------------------------------------------------
  0:00 InitGame:
  0:07 J;6092840;0;VictorSkull
  0:10 ShutdownGame:
  0:10 ------------------------------------------------------------
  0:00 ------------------------------------------------------------
  0:00 InitGame:
  0:10 J;6092840;0;VictorSkull
  0:13 ShutdownGame:
  0:13 ------------------------------------------------------------
  0:00 ------------------------------------------------------------
  0:00 InitGame:
  0:13 J;6092840;0;VictorSkull
  0:15 ShutdownGame:
  0:15 ------------------------------------------------------------
  0:00 ------------------------------------------------------------
  0:00 InitGame:
  0:15 J;6092840;0;VictorSkull
  0:18 ShutdownGame:
  0:18 ------------------------------------------------------------
  0:00 ------------------------------------------------------------
  0:00 InitGame:
  0:00 J;6092840;0;VictorSkull
  0:05 ShutdownGame:
  0:05 ------------------------------------------------------------
  0:00 ------------------------------------------------------------
  0:00 InitGame:
  0:08 J;6092840;0;VictorSkull
  0:11 ShutdownGame:
  0:11 ------------------------------------------------------------
  0:00 ------------------------------------------------------------
  0:00 InitGame:
  0:11 J;6092840;0;VictorSkull
  4:37 ShutdownGame:
  4:37 ------------------------------------------------------------
  0:00 ------------------------------------------------------------
  0:00 InitGame:
  0:00 J;6092840;0;VictorSkull
  0:05 ShutdownGame:
  0:05 ------------------------------------------------------------
  0:00 ------------------------------------------------------------
  0:00 InitGame:
  0:07 J;6092840;0;VictorSkull
  0:11 ShutdownGame:
  0:11 ------------------------------------------------------------
  0:00 ------------------------------------------------------------
  0:00 InitGame:
  0:00 J;6092840;0;VictorSkull
  0:05 ShutdownGame:
  0:05 ------------------------------------------------------------
  0:00 ------------------------------------------------------------
  0:00 InitGame:
  0:08 J;6092840;0;VictorSkull
  4:19 ShutdownGame:
  4:19 ------------------------------------------------------------
  0:00 ------------------------------------------------------------
  0:00 InitGame:
  0:00 J;6092840;0;VictorSkull
  0:09 ShutdownGame:
  0:09 ------------------------------------------------------------
  0:00 ------------------------------------------------------------
  0:00 InitGame:
  0:11 J;6092840;0;VictorSkull
  0:14 ShutdownGame:
  0:14 ------------------------------------------------------------
  0:00 ------------------------------------------------------------
  0:00 InitGame:
  0:14 J;6092840;0;VictorSkull
  0:17 ShutdownGame:
  0:17 ------------------------------------------------------------
  0:00 ------------------------------------------------------------
  0:00 InitGame:
  0:00 J;3386750;0;9isMine
  0:26 ShutdownGame:
  0:26 ------------------------------------------------------------
  0:00 ------------------------------------------------------------
  0:00 InitGame:
  0:28 J;3386750;0;9isMine
  0:44 ShutdownGame:
  0:44 ------------------------------------------------------------
  0:00 ------------------------------------------------------------
  0:00 InitGame:
  0:44 J;3386750;0;9isMine
  0:47 ShutdownGame:
  0:47 ------------------------------------------------------------
  0:00 ------------------------------------------------------------
  0:00 InitGame:
  0:47 J;3386750;0;9isMine
  0:49 ShutdownGame:
  0:49 ------------------------------------------------------------
  0:00 ------------------------------------------------------------
  0:00 InitGame:
  0:49 J;3386750;0;9isMine
  0:52 ShutdownGame:
  0:52 ------------------------------------------------------------
  0:00 ------------------------------------------------------------
  0:00 InitGame:
  0:52 J;3386750;0;9isMine
  0:54 ShutdownGame:
  0:54 ------------------------------------------------------------
  0:00 ------------------------------------------------------------
  0:00 InitGame:
  0:54 J;3386750;0;9isMine
  0:57 ShutdownGame:
  0:57 ------------------------------------------------------------
  0:00 ------------------------------------------------------------
  0:00 InitGame:
  0:57 J;3386750;0;9isMine
  1:00 ShutdownGame:
  1:00 ------------------------------------------------------------
  0:00 ------------------------------------------------------------
  0:00 InitGame:
  1:00 J;3386750;0;9isMine
  1:02 ShutdownGame:
  1:02 ------------------------------------------------------------
  0:00 ------------------------------------------------------------
  0:00 InitGame:
  1:02 J;3386750;0;9isMine
  1:04 ShutdownGame:
  1:04 ------------------------------------------------------------
  0:00 ------------------------------------------------------------
  0:00 InitGame:
  1:05 J;3386750;0;9isMine
  1:07 ShutdownGame:
  1:07 ------------------------------------------------------------
  0:00 ------------------------------------------------------------
  0:00 InitGame:
  1:07 J;3386750;0;9isMine
  6:46 ShutdownGame:
  6:46 ------------------------------------------------------------
  0:00 ------------------------------------------------------------
  0:00 InitGame:
  0:00 J;3386750;0;9isMine
  3:26 ShutdownGame:
  3:26 ------------------------------------------------------------
  0:00 ------------------------------------------------------------
  0:00 InitGame:
  0:00 J;6092840;0;VictorSkull
  0:05 ShutdownGame:
  0:05 ------------------------------------------------------------
  0:00 ------------------------------------------------------------
  0:00 InitGame:
  0:07 J;6092840;0;VictorSkull
  0:13 ShutdownGame:
  0:13 ------------------------------------------------------------
  0:00 ------------------------------------------------------------
  0:00 InitGame:
  0:00 J;6092840;0;VictorSkull
  0:04 ShutdownGame:
  0:04 ------------------------------------------------------------
  0:00 ------------------------------------------------------------
  0:00 InitGame:
  0:00 J;6092840;0;VictorSkull
  0:05 ShutdownGame:
  0:05 ------------------------------------------------------------
  0:00 ------------------------------------------------------------
  0:00 InitGame:
  0:07 J;6092840;0;VictorSkull
  0:15 ShutdownGame:
  0:15 ------------------------------------------------------------
  0:00 ------------------------------------------------------------
  0:00 InitGame:
  0:00 J;6092840;0;VictorSkull
  0:05 ShutdownGame:
  0:05 ------------------------------------------------------------
  0:00 ------------------------------------------------------------
  0:00 InitGame:
  0:00 J;6092840;0;VictorSkull
  1:00 ShutdownGame:
  1:00 ------------------------------------------------------------
  0:00 ------------------------------------------------------------
  0:00 InitGame:
  0:01 J;6092840;0;VictorSkull
  0:08 J;3386750;1;9isMine
  7:07 ShutdownGame:
  7:07 ------------------------------------------------------------
  0:00 ------------------------------------------------------------
  0:00 InitGame:
  0:00 J;6092840;0;VictorSkull
  1:14 ShutdownGame:
  1:14 ------------------------------------------------------------
  0:00 ------------------------------------------------------------
  0:00 InitGame:
  0:01 J;6092840;0;VictorSkull
  0:09 J;3386750;1;9isMine
  0:21 J;6107180;2;Rotam
  8:40 Q;6107180;2;Rotam
  9:25 ShutdownGame:
  9:25 ------------------------------------------------------------
  0:00 ------------------------------------------------------------
  0:00 InitGame:
  0:00 J;6092840;0;VictorSkull
  3:30 ShutdownGame:
  3:30 ------------------------------------------------------------
  0:00 ------------------------------------------------------------
  0:00 InitGame:
  0:01 J;6092840;0;VictorSkull
  0:09 J;3103628;2;Haze_of_dream
  0:10 J;3386750;1;9isMine
  0:22 J;6107180;3;Rotam
  4:50 Q;3103628;2;Haze_of_dream
 12:26 Q;6107180;3;Rotam
 12:57 Q;3386750;1;9isMine
 13:17 ShutdownGame:
 13:17 ------------------------------------------------------------
